[   0.000000 Initializing cgroup subsys cpuset
[    0.000000] Initializing cgroup subsys cpu
[    0.000000] Initializing cgroup subsys cpuacct
[    0.000000] Liux version 4.4.0-142-generic (buildd@lgw01-amd64-033) (gcc version 5.4.0 20160609 (untu 5.4.0-6ubuntu1~16.04.10) ) #168-Ubuntu SMP Wed Jan 16 21:00:45 UTC 2019 (Ubuntu 4.4.0-142.168-generic 4.4.167)
[    0.000000] Command line: BOOT_IMAGE=/boot/vmlinuz-4.4.0-142-generic root=LABEL=cloudimg-rootfs ro console=tty1 console=ttyS0
[    0.000000] KERNEL supported cpus:
[    0.000000]   Intel GenuineIntel
[    0.000000]   AMD AuthenticAMD
[    0.000000]   Centaur CentaurHauls
[    0.000000] x86/fpu: xstate_offset[2]:  576, xstate_sizes[2]:  256
[    0.000000] x86/fpu: Supporting XSAVE feature 0x01: 'x87 floating point registers'
[    0.000000] x86/fpu: Supporting XSAVE feature 0x02: 'SSE registers'
[    0.000000] x86/fpu: Supporting XSAVE feature 0x04: 'AVX registers'
[    0.000000] x86/fpu: Enabled xstate features 0x7, context size is 832 bytes, using 'standard' format.
[    0.000000] e820: BIOS-provided physical RAM map:
[    0.000000] BIOS-e820: [mem 0x0000000000000000-0x000000000009fbff] usable
[    0.000000] BIOS-e820: [mem 0x000000000009fc00-0x000000000009ffff] reserved
[    0.000000] BIOS-e820: [mem 0x00000000000f0000-0x00000000000fffff] reserved
[    0.000000] BIOS-e820: [mem 0x0000000000100000-0x000000001ffeffff] usable
[    0.000000] BIOS-e820: [mem 0x000000001fff0000-0x000000001fffffff] ACPI data
[    0.000000] BIOS-e820: [mem 0x00000000fec00000-0x00000000fec00fff] reserved
[    0.000000] BIOS-e820: [mem 0x00000000fee00000-0x00000000fee00fff] reserved
[    0.000000] BIOS-e820: [mem 0x00000000fffc0000-0x00000000ffffffff] reserved
[    0.000000] NX (Execute Disable) protection: active
[    0.000000] SMBIOS 2.5 present.
[    0.000000] Hypervisor detected: KVM
[    0.000000] e820: last_pfn = 0x1fff0 max_arch_pfn = 0x400000000
[    0.000000] MTRR: Disabled
[    0.000000] x86/PAT: MTRRs disabled, skipping PAT initialization too.
[    0.000000] CPU MTRRs all blank - virtualized system.
[    0.000000] x86/PAT: Configuration [0-7]: WB  WT  UC- UC  WB  WT  UC- UC  
[    0.000000] found SMP MP-table at [mem 0x0009fff0-0x0009ffff] mapped at [ffff88000009fff0]
[    0.000000] Scanning 1 areas for low memory corruption
[    0.000000] RAMDISK: [mem 0x1e8bf000-0x1f733fff]
[    0.000000] ACPI: Early table checksum verification disabled
[    0.000000] ACPI: RSDP 0x00000000000E0000 000024 (v02 VBOX  )
[    0.000000] ACPI: XSDT 0x000000001FFF0030 0000C (v01 VBOX   VBOXXSDT 00000001 ASL  00000061)
[    0.000000] ACPI: FACP 0x000000001FFF00F0 0000F4 (v04 VBOX   VBOXFACP 00000001 ASL  00000061)
[    0.000000] ACPI: DSDT 0x000000001FFF0470 0021FF (v02 VBOX   VBOXBIOS 00000002 INTL 20180105)
[    0.000000] ACPI: FACS 0x000000001FFF0200 000040
[    0.000000] ACPI: FACS 0x000000001FFF0200 000040
[    0.000000] ACPI: APIC 0x000000001FFF0240 00005C (v02 VBOX   VBOXAPIC 00000001 ASL  00000061)
[    0.000000] ACPI: SSDT 0x000000001FFF02A0 0001CC (v01 VBOX   VBOXCPUT 00000002 INTL 20180105)
[    0.000000] No NUMA configuration found
[    0.000000] Faking a node at [mem 0x0000000000000000-0x000000001ffeffff]
[    0.000000] NODE_DATA(0) allocated [mem 0x1ffeb000-0x1ffeffff]
[    0.000000] kvm-clock: Using msrs 4b564d01 and 4b564d00
[    0.000000] kvm-clock: cpu 0, msr 0:1ffe3001, primary cpu clock
[    0.000000] kvm-clock: using sched offset of 3407690277 cycles
[    0.000000] clocksource: kvm-clock: mask: 0xffffffffffffffff max_cycles: 0x1cd42e4dffb, max_idle_ns: 881590591483 ns
[    0.000000] Zone ranges:
[    0.000000]   DMA      [mem 0x0000000000001000-0x0000000000ffffff]
[    0.000000]   DMA32    [mem 0x0000000001000000-0x000000001ffeffff]
[    0.000000]   Normal   empty
[    0.000000]   Device   empty
[    0.000000] Movable zone start for each node
[    0.000000] Early memory node ranges
[    0.000000]   node   0: [mem 0x0000000000001000-0x000000000009efff]
[    0.000000]   node 0: [mem 0x0000000000100000-0x000000001ffeffff]
[    0.000000] Initmem setup node 0 [mem 0x0000000000001000-0x000000001ffeffff]
[    0.000000] ACPI: PM-Timer IO Port: 0x4008
[    0.000000] IOAPIC[0]: apic_id 2, version 32, address 0xfec00000, GSI 0-23
[    0.000000] ACPI: INT_SRC_OVR (bus 0 bus_irq 0 global_irq 2 dfl dfl)
[    0.000000] ACPI: INT_SRC_OVR (bus 0 bus_irq 9 global_irq 9 low level)
[    0.000000] Using ACPI (MADT) for SMP configuration information
[    0.000000] smpboot: Allowing 2 CPUs, 0 hotplug CPUs
[    0.000000] PM: Registered nosave memory: [mem 0x00000000-0x00000fff]
[    0.000000] PM: Registered nosave memory: [mem 0x0009f000-0x0009ffff]
[    0.000000] PM: Registered nosave memory: [mem 0x000a0000-0x000effff]
[    0.000000] PM: Registered nosave memory: [mem 0x000f0000-0x000fffff]
[    0.000000] e820: [mem 0x20000000-0xfebfffff] available for PCI devices
[    0.000000] Booting paravirtualized kernel on KVM
[    0.000000] clocksource: refined-jiffies: mask: 0xffffffff max_cycles: 0xffffffff, max_idle_ns: 7645519600211568 ns
[    0.000000] setup_percpu: NR_CPUS:512 nr_cpumask_bits:512 nr_cpu_ids:2 nr_node_ids:1
[    0.000000] PERCPU: Embedded 34 pages/cpu @ffff88001fc00000 s99480 r8192 d31592 u1048576
[    0.000000] Built 1 zonelists in Node order, mobility grouping on.  Total pages: 128888
[    0.000000] Policy zone: DMA32
[    0.000000] Kernel command line: BOOT_IMAGE=/boot/vmlinuz-4.4.0-142-generic root=LABEL=cloudimg-rootfs ro console=tty1 console=ttyS0
[    0.000000] PID hash table entries: 2048 (order: 2, 16384 bytes)
[    0.000000] Memory: 481648K/523832K available (8603K kernel code, 1332K rwdata, 4004K rodata, 1484K init, 1316K bss, 42184K reserved, 0K cma-reserved)
[    0.000000] SLUB: HWalign=64, Order=0-3, MinObjects=0, CPUs=2, Nodes=1
[    0.000000] Kernel/User page tables isolation: enabled
[    0.000000] Hierarchical RCU implementation.
[    0.000000] 	Build-time adjustment of leaf fanout to 64.
[    0.000000] 	RCU restricting CPUs from NR_CPUS=512 to nr_cpu_ids=2.
[    0.000000] RCU: Adjusting geometry for rcu_fanout_leaf=64, nr_cpu_ids=2
[    0.000000] NR_IRQS:33024 nr_irqs:440 16
[    0.000000] Console: colour VGA+ 80x25
[    0.000000] console [tty1] enabled
[    0.000000] console [ttyS0] enabled
[    0.000000] tsc: Detected 2394.558 MHz processor
[    0.491667] Calibrating delay loop (skipped) preset value.. 4789.11 BogoMIPS (lpj=9578232)
[    0.499708] pid_max: default: 32768 minimum: 301
[    0.500718] ACPI: Core revision 20150930
[    0.502973] ACPI: 2 ACPI AML tables successfully acquired and loaded
[    0.504949] Security Framework initialized
[    0.506123] Yama: becoming mindful.
[    0.508079] AppArmor: AppArmor initialized
[    0.515626] Dentry cache hash table entries: 65536 (order: 7, 524288 bytes)
[    0.517660] Inode-cache hash table entries: 32768 (order: 6, 262144 bytes)
[    0.524835] Mount-cache hash table entries: 1024 (order: 1, 8192 bytes)
[    0.531785] Mountpoint-cache hash table entries: 1024 (order: 1, 8192 bytes)
[    0.533842] Initializing cgroup subsys io
[    0.535202] Initializing cgroup subsys memory
[    0.541995] Initializing cgroup subsys devices
[    0.548408] Initializing cgroup subsys freezer
[    0.549628] Initializing cgroup subsys net_cls
[    0.550886] Initializing cgroup subsys perf_event
[    0.552164] Initializing cgroup subsys net_prio
[    0.553576] Initializing cgroup subsys hugetlb
[    0.554869] Initializing cgroup subsys pids
[    0.556099] mce: CPU supports 0 MCE banks
[    0.557210] Last level iTLB entries: 4KB 512, 2MB 8, 4MB 8
[    0.570976] Last level dTLB entries: 4KB 512, 2MB 32, 4MB 32, 1GB 0
[    0.572663] Spectre V2 : Mitigation: Full generic retpoline
[    0.574131] Spectre V2 : Spectre v2 / SpectreRSB mitigation: Filling RSB on context switch
[    0.581486] Speculative Store Bypass: Vulnerable
[    0.585692] Freeing SMP alternatives memory: 32K
[    0.597793] ftrace: allocating 32277 entries in 127 pages
[    0.667226] smpboot: APIC(0) Converting physical 0 to logical package 0
[    0.671923] smpboot: Max logical packages: 1
[    0.673740] x2apic enabled
[    0.675250] Switched APIC routing to physical x2apic.
[    0.678664] ..TIMER: vector=0x30 apic1=0 pin1=2 apic2=-1 pin2=-1
[    0.790476] smpboot: CPU0: Intel(R) Core(TM) i5-2430M CPU @ 2.40GHz (family: 0x6, model: 0x2a, stepping: 0x7)
[    0.795062] Performance Events: unsupported p6 CPU model 42 no PMU driver, software events only.
[    0.810648] KVM setup paravirtual spinlock
[    0.813132] x86: Booting SMP configuration:
[    0.814512] .... node  #0, CPUs:      #1
[    0.815896] kvm-clock: cpu 1, msr 0:1ffe3041, secondary cpu clock
[    0.817213] mce: CPU supports 0 MCE banks
[    0.820054] x86: Booted up 1 node, 2 CPUs
[    0.823325] smpboot: Total of 2 processors activated (9578.23 BogoMIPS)
[    0.829311] devtmpfs: initialized
[    0.833737] evm: security.selinux
[    0.836017] evm: security.SMACK64
[    0.842880] evm: security.SMACK64EXEC
[    0.844166] evm: security.SMACK64TRANSMUTE
[    0.845530] evm: security.SMACK64MMAP
[    0.846815] evm: security.ima
[    0.847900] evm: security.capability
[    0.849408] clocksource: jiffies: mask: 0xffffffff max_cycles: 0xffffffff, max_idle_ns: 7645041785100000 ns
[    0.852390] futex hash table entries: 512 (order: 3, 32768 bytes)
[    0.867797] pinctrl core: initialized pinctrl subsystem
[    0.869556] RTC time: 18:40:42, date: 02/10/19
[    0.885078] NET: Registered protocol family 16
[    0.902216] cpuidle: using governor ladder
[    0.924571] cpuidle: using governor menu
[    0.931727] PCCT header not found.
[    0.933439] ACPI: bus type PCI registered
[    0.935261] acpiphp: ACPI Hot Plug PCI Controller Driver version: 0.5
[    0.947003] PCI: Using configuration type 1 for base access
[    0.962910] ACPI: Added _OSI(Module Device)
[    0.964307] ACPI: Added _OSI(Processor Device)
[    0.965705] ACPI: Added _OSI(3.0 _SCP Extensions)
[    0.967287] ACPI: Added _OSI(Processor Aggregator Device)
[    0.970007] ACPI: Executed 1 blocks of module-level executable AML code
[    0.983841] ACPI: Interpreter enabled
[    0.985127] ACPI: (supports S0 S5)
[    0.986369] ACPI: Using IOAPIC for interrupt routing
[    0.994153] PCI: Using host bridge windows from ACPI; if necessary, use "pci=nocrs" and report a bug
[    1.014886] ACPI: PCI Root Bridge [PCI0] (domain 0000 [bus 00-ff])
[    1.019668] acpi PNP0A03:00: _OSC: OS supports [ASPM ClockPM Segments MSI]
[    1.032657] acpi PNP0A03:00: _OSC: not requesting OS control; OS requires [ExtendedConfig ASPM ClockPM MSI]
[    1.036589] acpi PNP0A03:00: fail to add MMCONFIG information, can't access extended PCI configuration space under this bridge.
[    1.042135] PCI host bridge to bus 0000:00
[    1.051830] pci_bus 0000:00: root bus resource [io  0x0000-0x0cf7 window]
[    1.059155] pci_bus 0000:00: root bus resource [io  0x0d00-0xffff window]
[    1.061077] pci_bus 0000:00: root bus resource [mem 0x000a0000-0x000bffff window]
[    1.063560] pci_bus 0000:00: root bus resource [mem 0x20000000-0xfdffffff window]
[    1.065951] pci_bus 0000:00: root bus resource [bus 00-ff]
[    1.070283] pci 0000:00:01.1: legacy IDE quirk: reg 0x10: [io  0x01f0-0x01f7]
[    1.077581] pci 0000:00:01.1: legacy IDE quirk: reg 0x14: [io  0x03f6]
[    1.084794] pci 0000:00:01.1: legacy IDE quirk: reg 0x18: [io  0x0170-0x0177]
[    1.092058] pci 0000:00:01.1: legacy IDE quirk: reg 0x1c: [io  0x0376]
[    1.113900] pci 0000:00:07.0: quirk: [io  0x4000-0x403f] claimed by PIIX4 ACPI
[    1.121678] pci 0000:00:07.0: quirk: [io  0x4100-0x410f] claimed by PIIX4 SMB
[    1.149440] ACPI: PCI Interrupt Link [LNKA] (IRQs 5 9 10 *11)
[    1.153204] ACPI: PCI Interrupt Link [LNKB] (IRQs 5 9 *10 11)
[    1.161868] ACPI: PCI Interrupt Link [LNKC] (IRQs 5 *9 10 11)
[    1.170727] ACPI: PCI Interrupt Link [LNKD] (IRQs 5 9 10 *11)
[    1.179192] ACPI: Enabled 2 GPEs in block 00 to 07
[    1.182057] vgaarb: setting as boot device: PCI:0000:00:02.0
[    1.214214] vgaarb: device added: PCI:0000:00:02.0,decodes=io+mem,owns=io+mem,locks=none
[    1.242207] vgaarb: loaded
[    1.247378] vgaarb: bridge control possible 0000:00:02.0
[    1.265085] SCSI subsystem initialized
[    1.266336] ACPI: bus type USB registered
[    1.267541] usbcore: registered new interface driver usbfs
[    1.268932] usbcore: registered new interface driver hub
[    1.270307] usbcore: registered new device driver usb
[    1.282566] PCI: Using ACPI for IRQ routing
[    1.284103] NetLabel: Initializing
[    1.285106] NetLabel:  domain hash size = 128
[    1.286310] NetLabel:  protocols = UNLABELED CIPSOv4
[    1.292992] NetLabel:  unlabeled traffic allowed by default
[    1.294644] amd_nb: Cannot enumerate AMD northbridges
[    1.296076] clocksource: Switched to clocksource kvm-clock
[    1.306672] AppArmor: AppArmor Filesystem Enabled
[   1.323922] pnp: PnP ACPI init
[    1.355434] pnp: PnP ACPI: found 3 devices

[  1.370776] clocksource: acpi_pm: mask: 0xffffff max_cycles: 0xffffff, max_idles: 2085701024 ns
[    1.478408] NET: Registered protocol family 2

[    1.479794] TCP established hash table entries: 4096 (order: 3, 32768 bytes)
[    1.481732] TCP bind hash table entries: 4096 (order: 4, 65536 bytes)
[    1.483404] TCP: Hash tables configured (established 4096 bind 4096)
[    1.485580] UDP hash table entries: 256 (order: 1, 8192 bytes)
[    1.487154] UDP-Lite hash table entries: 256 (order: 1, 8192 bytes)
[    1.488837] NET: Registered protocol family 1
[    1.490042] pci 0000:00:00.0: Limiting direct PCI/PCI transfers
[    1.491588] pci 0000:00:01.0: Activating ISA DMA hang workarounds
[    1.493350] Unpacking initramfs...
[    1.770362] Freeing initrd memory: 14804K
[    1.773323] RAPL PMU detected, API unit is 2^-32 Joules, 3 fixed counters 10737418240 ms ovfl timer
[    1.780196] hw unit of domain pp0-core 2^-0 Joules
[    1.781674] hw unit of domain package 2^-0 Joules
[    1.783192] hw unit of domain pp1-gpu 2^-0 Joules
[    1.784865] platform rtc_cmos: registered platform RTC device (no PNP device found)
[    1.823043] Scanning for low memory corruption every 60 seconds
[    1.824723] audit: initializing netlink subsys (disabled)
[    1.842592] audit: type=2000 audit(1549824047.303:1): initialized
[    1.844491] Initialise system trusted keyring
[    1.845921] HugeTLB registered 2 MB page size, pre-allocated 0 pages
[    1.849082] zbud: loaded
[    1.850278] VFS: Disk quotas dquot_6.6.0
[    1.851415] VFS: Dquot-cache hash table entries: 512 (order 0, 4096 bytes)
[    1.853303] squashfs: version 4.0 (2009/01/31) Phillip Lougher
[    1.855074] fuse init (API version 7.23)
[    1.856151] Key type big_key registered
[    1.857311] Allocating IMA MOK and blacklist keyrings.
[    1.860047] Key type asymmetric registered
[    1.861220] Asymmetric key parser 'x509' registered
[    1.862596] Block layer SCSI generic (bsg) driver version 0.4 loaded (major 249)
[    1.864716] io scheduler noop registered
[    1.865825] io scheduler deadline registered (default)
[    1.867413] io scheduler cfq registered
[    1.868747] pci_hotplug: PCI Hot Plug PCI Core version: 0.5
[    1.869942] pciehp: PCI Express Hot Plug Controller Driver version: 0.4
[    1.871464] ACPI: AC Adapter [AC] (on-line)
[    1.902640] input: Power Button as /devices/LNXSYSTM:00/LNXPWRBN:00/input/input0
[    1.904392] ACPI: Power Button [PWRF]
[    1.905393] input: Sleep Button as /devices/LNXSYSTM:00/LNXSLPBN:00/input/input1
[    1.907074] ACPI: Sleep Button [SLPF]
[    1.908855] ACPI: Battery Slot [BAT0] (battery present)
[    1.909978] GHES: HEST is not enabled!
[    1.910967] Serial: 8250/16550 driver, 32 ports, IRQ sharing enabled
[    1.935767] 00:02: ttyS0 at I/O 0x3f8 (irq = 4, base_baud = 115200) is a 16550A
[    1.957267] Linux agpgart interface v0.103
[    1.960196] loop: module loaded
[    1.961954] scsi host0: ata_piix
[    1.963136] scsi host1: ata_piix
[    1.964173] ata1: PATA max UDMA/33 cmd 0x1f0 ctl 0x3f6 bmdma 0xd000 irq 14
[    1.965613] ata2: PATA max UDMA/33 cmd 0x170 ctl 0x376 bmdma 0xd008 irq 15
[    1.967106] libphy: Fixed MDIO Bus: probed
[    1.968383] tun: Universal TUN/TAP device driver, 1.6
[    1.969837] tun: (C) 1999-2004 Max Krasnyansky <maxk@qualcomm.com>
[    1.992288] PPP generic driver version 2.4.2
[    1.993597] ehci_hcd: USB 2.0 'Enhanced' Host Controller (EHCI) Driver
[    1.995322] ehci-pci: EHCI PCI platform driver
[    1.996612] ehci-platform: EHCI generic platform driver
[    1.998046] ohci_hcd: USB 1.1 'Open' Host Controller (OHCI) Driver
[    1.999689] ohci-pci: OHCI PCI platform driver
[    2.000980] ohci-platform: OHCI generic platform driver
[    2.002447] uhci_hcd: USB Universal Host Controller Interface driver
[    2.004196] i8042: PNP: PS/2 Controller [PNP0303:PS2K,PNP0f03:PS2M] at 0x60,0x64 irq 1,12
[    2.007051] serio: i8042 KBD port at 0x60,0x64 irq 1
[    2.008444] serio: i8042 AUX port at 0x60,0x64 irq 12
[    2.009989] mousedev: PS/2 mouse device common for all mice
[    2.011983] input: AT Translated Set 2 keyboard as /devices/platform/i8042/serio0/input/input2
[    2.014494] rtc_cmos rtc_cmos: rtc core: registered rtc_cmos as rtc0
[    2.016233] rtc_cmos rtc_cmos: alarms up to one day, 114 bytes nvram
[    2.018001] i2c /dev entries driver
[    2.019310] device-mapper: uevent: version 1.0.3
[    2.021027] device-mapper: ioctl: 4.34.0-ioctl (2015-10-28) initialised: dm-devel@redhat.com
[    2.023105] ledtrig-cpu: registered to indicate activity on CPUs
[    2.025126] NET: Registered protocol family 10
[    2.026361] NET: Registered protocol family 17
[    2.027375] Key type dns_resolver registered
[    2.028841] registered taskstats version 1
[    2.029802] Loading compiled-in X.509 certificates
[    2.031662] Loaded X.509 cert 'Build time autogenerated kernel key: bff73e56bc0efa7435b2a24f5427674623f1be80'
[    2.034394] zswap: loaded using pool lzo/zbud
[    2.037999] Key type trusted registered
[    2.043202] Key type encrypted registered
[    2.044373] AppArmor: AppArmor sha1 policy hashing enabled
[    2.045816] ima: No TPM chip found, activating TPM-bypass!
[    2.047251] ima: Allocated hash algorithm: sha1
[    2.048504] evm: HMAC attrs: 0x1
[    2.049837]   Magic number: 7:767:695
[    2.050913] pci 0000:00:00.0: hash matches
[    2.052104] rtc_cmos rtc_cmos: setting system clock to 2019-02-10 18:40:43 UTC (1549824043)
[    2.054202] BIOS EDD facility v0.16 2004-Jun-25, 0 devices found
[    2.055432] EDD information not available.
[    2.126401] Freeing unused kernel memory: 1484K
[    2.153114] Write protecting the kernel read-only data: 14336k
[    2.155596] Freeing unused kernel memory: 1624K
[    2.157507] Freeing unused kernel memory: 92K
Loading, please wait...
starting version 229
[    2.177034] random: systemd-udevd: uninitialized urandom read (16 bytes read, 2 bits of entropy available)
[    2.177288] random: udevadm: uninitialized urandom read (16 bytes read, 2 bits of entropy available)
[    2.177330] random: udevadm: uninitialized urandom read (16 bytes read, 2 bits of entropy available)
[    2.197643] random: udevadm: uninitialized urandom read (16 bytes read, 2 bits of entropy available)
[    2.197742] random: udevadm: uninitialized urandom read (16 bytes read, 2 bits of entropy available)
[    2.198116] random: udevadm: uninitialized urandom read (16 bytes read, 2 bits of entropy available)
[    2.198286] random: udevadm: uninitialized urandom read (16 bytes read, 2 bits of entropy available)
[    2.198431] random: udevadm: uninitialized urandom read (16 bytes read, 2 bits of entropy available)
[    2.198578] random: udevadm: uninitialized urandom read (16 bytes read, 2 bits of entropy available)
[    2.198679] random: udevadm: uninitialized urandom read (16 bytes read, 2 bits of entropy available)
[    2.312598] e1000: Intel(R) PRO/1000 Network Driver - version 7.3.21-k8-NAPI
[    2.317681] e1000: Copyright (c) 1999-2006 Intel Corporation.
[    2.371104] Fusion MPT base driver 3.04.20
[    2.374793] Copyright (c) 1999-2008 LSI Corporation
[    2.404902] AVX version of gcm_enc/dec engaged.
[    2.408896] AES CTR mode by8 optimization enabled
[    2.418196] Fusion MPT SPI Host driver 3.04.20
[    2.584663] input: ImExPS/2 Generic Explorer Mouse as /devices/platform/i8042/serio1/input/input4
[    2.780288] tsc: Refined TSC clocksource calibration: 2393.436 MHz
[    2.791941] clocksource: tsc: mask: 0xffffffffffffffff max_cycles: 0x227ffecba80, max_idle_ns: 440795275964 ns
[    2.806154] e1000 0000:00:03.0 eth0: (PCI:33MHz:32-bit) 02:82:01:2e:28:d8
[    2.807902] e1000 0000:00:03.0 eth0: Intel(R) PRO/1000 Network Connection
[    3.412419] e1000 0000:00:08.0 eth1: (PCI:33MHz:32-bit) 08:00:27:e6:30:db
[    3.414299] e1000 0000:00:08.0 eth1: Intel(R) PRO/1000 Network Connection
[    3.418319] e1000 0000:00:08.0 enp0s8: renamed from eth1
[    3.419910] mptbase: ioc0: Initiating bringup
[    3.432359] e1000 0000:00:03.0 enp0s3: renamed from eth0
[    3.484492] ioc0: LSI53C1030 A0: Capabilities={Initiator}
[    3.661597] scsi host2: ioc0: LSI53C1030 A0, FwRev=00000000h, Ports=1, MaxQ=256, IRQ=20
[    3.786707] scsi 2:0:0:0: Direct-Access     VBOX     HARDDISK         1.0  PQ: 0 ANSI: 5
[    3.833967] scsi target2:0:0: Beginning Domain Validation
[    3.837057] scsi target2:0:0: Domain Validation skipping write tests
[    3.838680] scsi target2:0:0: Ending Domain Validation
[    3.850236] scsi target2:0:0: asynchronous
[    3.853602] scsi 2:0:1:0: Direct-Access     VBOX     HARDDISK         1.0  PQ: 0 ANSI: 5
[    3.855433] scsi target2:0:1: Beginning Domain Validation
[    3.858836] scsi target2:0:1: Domain Validation skipping write tests
[    3.860126] scsi target2:0:1: Ending Domain Validation
[    3.861351] scsi target2:0:1: asynchronous
[    3.869440] sd 2:0:0:0: Attached scsi generic sg0 type 0
[    3.870052] sd 2:0:0:0: [sda] 20971520 512-byte logical blocks: (10.7 GB/10.0 GiB)
[    3.870286] sd 2:0:0:0: [sda] Write Protect is off
[    3.870436] sd 2:0:0:0: [sda] Incomplete mode parameter data
[    3.870438] sd 2:0:0:0: [sda] Assuming drive cache: write through
[    3.878843]  sda: sda1
[    3.879917] sd 2:0:0:0: [sda] Attached SCSI disk
[    3.883472] sd 2:0:1:0: Attached scsi generic sg1 type 0
[    3.883679] sd 2:0:1:0: [sdb] 20480 512-byte logical blocks: (10.5 MB/10.0 MiB)
[    3.883888] sd 2:0:1:0: [sdb] Write Protect is off
[    3.883994] sd 2:0:1:0: [sdb] Incomplete mode parameter data
[    3.883996] sd 2:0:1:0: [sdb] Assuming drive cache: write through
[    3.886996] sd 2:0:1:0: [sdb] Attached SCSI disk
Begin: Loading essential drivers ... [    5.301959] md: linear personality registered for level -1
[    5.306901] md: multipath personality registered for level -4
[    5.316695] md: raid0 personality registered for level 0
[    5.323596] md: raid1 personality registered for level 1
[    5.404161] raid6: sse2x1   gen()  7076 MB/s
[    5.478206] raid6: sse2x1   xor()  5963 MB/s
[    5.544465] raid6: sse2x2   gen()  9615 MB/s
[    5.612471] raid6: sse2x2   xor()  6607 MB/s
[    5.681738] raid6: sse2x4   gen() 11464 MB/s
[    5.751878] raid6: sse2x4   xor()  7158 MB/s
[    5.753513] raid6: using algorithm sse2x4 gen() 11464 MB/s
[    5.761923] raid6: .... xor() 7158 MB/s, rmw enabled
[    5.767840] raid6: using ssse3x2 recovery algorithm
[    5.804125] xor: automatically using best checksumming function:
[    5.844109]    avx       : 17747.000 MB/sec
[    5.847192] async_tx: api initialized (async)
[    5.861825] md: raid6 personality registered for level 6
[    5.863604] md: raid5 personality registered for level 5
[    5.864880] md: raid4 personality registered for level 4
[    5.875168] md: raid10 personality registered for level 10
done.
Begin: Running /scripts/init-premount ... done.
Begin: Mounting root file system ... Begin: Running /scripts/local-top ... done.
Begin: Running /scripts/local-premount ... [    5.917939] Btrfs loaded
Scanning for Btrfs filesystems
done.
Warning: fsck not present, so skipping root file system
[    5.981780] EXT4-fs (sda1): mounted filesystem with ordered data mode. Opts: (null)
done.
Begin: Running /scripts/local-bottom ... done.
Begin: Running /scripts/init-bottom ... done.
[    6.184037] systemd[1]: systemd 229 running in system mode. (+PAM +AUDIT +SELINUX +IMA +APPARMOR +SMACK +SYSVINIT +UTMP +LIBCRYPTSETUP +GCRYPT +GNUTLS +ACL +XZ -LZ4 +SECCOMP +BLKID +ELFUTILS +KMOD -IDN)
[    6.189994] systemd[1]: Detected virtualization oracle.
[    6.191818] systemd[1]: Detected architecture x86-64.

Welcome to [1mUbuntu 16.04.5 LTS[0m!

[    6.216886] systemd[1]: Set hostname to <ubuntu>.
[    6.221273] systemd[1]: Initializing machine ID from random generator.
[    6.222690] systemd[1]: Installed transient /etc/machine-id file.
[    6.434680] systemd[1]: Created slice System Slice.
[[0;32m  OK  [0m] Created slice System Slice.
[    6.457426] systemd[1]: Reached target Encrypted Volumes.
[[0;32m  OK  [0m] Reached target Encrypted Volumes.
[    6.484811] systemd[1]: Listening on Journal Socket (/dev/log).
[[0;32m  OK  [0m] Listening on Journal Socket (/dev/log).
[    6.487453] systemd[1]: Reached target Swap.
[[0;32m  OK  [0m] Reached target Swap.
[    6.489823] systemd[1]: Listening on LVM2 poll daemon socket.
[[0;32m  OK  [0m] Listening on LVM2 poll daemon socket.
[    6.492724] systemd[1]: Listening on udev Control Socket.
[[0;32m  OK  [0m] Listening on udev Control Socket.
[    6.495630] systemd[1]: Set up automount Arbitrary Executable File Formats File System Automount Point.
[[0;32m  OK  [0m] Set up automount Arbitrary Executab...ats File System Automount Point.
[    6.499399] systemd[1]: Listening on Syslog Socket.
[[0;32m  OK  [0m] Listening on Syslog Socket.
[    6.502007] systemd[1]: Created slice system-serial\x2dgetty.slice.
[[0;32m  OK  [0m] Created slice system-serial\x2dgetty.slice.
[    6.504722] systemd[1]: Listening on Device-mapper event daemon FIFOs.
[[0;32m  OK  [0m] Listening on Device-mapper event daemon FIFOs.
[    6.507855] systemd[1]: Listening on Journal Socket.
[[0;32m  OK  [0m] Listening on Journal Socket.
[    6.520265] systemd[1]: Mounting Huge Pages File System...
         Mounting Huge Pages File System...
[    6.535318] systemd[1]: Mounting POSIX Message Queue File System...
         Mounting POSIX Message Queue File System...
[    6.543669] systemd[1]: Starting Load Kernel Modules...
         Starting Load Ke[    6.559543] Loading iSCSI transport class v2.0-870.
rnel Modules...
[    6.624502] systemd[1]: Starting Nameserver information manager...
         Starting Nameserver information manager...
[    6.630755] systemd[1]: Started Forward Password Requests to Wall Directory Watch.
[[0;32m  OK  [0m] Started Forward Password Requests to Wall Direct[    6.636310] iscsi: registered transport (tcp)
ory Watch.
[    6.639240] systemd[1]: Listening on /dev/initctl Compatibility Named Pipe.
[[0;32m  OK  [0m] Listening on /dev/initctl Compatibility Named Pipe.
[    6.644266] systemd[1]: Listening on udev Kernel Socket.
[[0;32m  OK  [0m] Listening on udev Kernel Socket.
[    6.647616] systemd[1]: Reached target System Time Synchronized.
[[0;32m  OK  [0m] Reached target System Time Synchronized.
[    6.668301] systemd[1]: Mounting Debug File System...
         Mounting Debug File System...
[    6.672479] systemd[1]: Starting Remount Root and Kernel File Systems...
         Starting Remount Root and Kernel File Systems...
[    6.681714] systemd[1]: Reached target User and Group Name Lookups.
[[0;32m  OK  [0m] Reached target User and Group Name Lookups.
[    6.686653] systemd[1]: Starting Set console keymap...
[    6.687542] EXT4-fs (sda1): re-mounted. Opts: (null)
         Startin[    6.700888] iscsi: registered transport (iser)
g Set console keymap...
[    6.749051] systemd[1]: Starting Create list of required static device nodes for the current kernel...
         Starting Create list of required st... nodes for the current kernel...
[    6.776431] systemd[1]: Started Trigger resolvconf update for networkd DNS.
[[0;32m  OK  [0m] Started Trigger resolvconf update for networkd DNS.
[    6.780776] systemd[1]: Starting Uncomplicated firewall...
         Starting Uncomplicated firewall...
[    6.792414] systemd[1]: Created slice User and Session Slice.
[[0;32m  OK  [0m] Created slice User and Session Slice.
[    6.796679] systemd[1]: Reached target Slices.
[[0;32m  OK  [0m] Reached target Slices.
[    6.799421] systemd[1]: Listening on Journal Audit Socket.
[[0;32m  OK  [0m] Listening on Journal Audit Socket.
[    6.803485] systemd[1]: Starting Journal Service...
         Starting Journal Service...
[    6.806358] systemd[1]: Listening on LVM2 metadata daemon socket.
[[0;32m  OK  [0m] Listening on LVM2 metadata daemon socket.
[    6.848821] systemd[1]: Starting Monitoring of LVM2 mirrors, snapshots etc. using dmeventd or progress polling...
         Starting Monitoring of LVM2 mirrors... dmeventd or progress polling...
[    6.875838] systemd[1]: Mounted Huge Pages File System.
[[0;32m  OK  [0m] Mounted Huge Pages File System.
[    6.888457] systemd[1]: Mounted POSIX Message Queue File System.
[[0;32m  OK  [0m] Mounted POSIX Message Queue File System.
[    6.926665] systemd[1]: Mounted Debug File System.
[[0;32m  OK  [0m] Mounted Debug File System.
[    6.931686] systemd[1]: Started Journal Service.
[[0;32m  OK  [0m] Started Journal Service.
[[0;32m  OK  [0m] Started Load Kernel Modules.
[[0;32m  OK  [0m] Started Remount Root and Kernel File Systems.
[[0;32m  OK  [0m] Started Set console keymap.
[[0;32m  OK  [0m] Started Create list of required sta...ce nodes for the current kernel.
[[0;32m  OK  [0m] Started Uncomplicated firewall.
[[0;32m  OK  [0m] Started Nameserver information manager.
[[0;32m  OK  [0m] Started LVM2 metadata daemon.
         Starting Create Static Device Nodes in /dev...
         Starting udev Coldplug all Devices...
         Starting Load/Save Random Seed...
         Mounting FUSE Control File System...
         Starting Apply Kernel Variables...
         Starting Flush Journal to Persistent Storage...
[[0;32m  OK  [0m] Mounted FUSE Control File System.
[[0;32m  OK  [0m] Started Create Static Device Nodes in /dev.
[[0;32m  OK  [0m] Started Load/Save Random Seed.
[[0;32m  OK  [0m] Started Apply Kernel Variables.
[[0;32m  OK  [0m] Started Flush Journal to Persistent Storage.
         Starting udev Kernel Device Manager...
[[0;32m  OK  [0m] Started udev Coldplug all Devices.
[[0;32m  OK  [0m] Started udev Kernel Device Manager.
[[0;32m  OK  [0m] Started Dispatch Password Requests to Console Directory Watch.
[[0;32m  OK  [0m] Started Monitoring of LVM2 mirrors,...ng dmeventd or progress polling.
[[0;32m  OK  [0m] Reached target Local File Systems (Pre).
[[0;32m  OK  [0m] Reached target Local File Systems.
         Starting LSB: AppArmor initialization...
         Starting Set console font and keymap...
         Starting Commit a transient machine-id on disk...
         Starting Tell Plymouth To Write Out Runtime Data...
         Starting Initial cloud-init job (pre-networking)...
         Starting Create Volatile Files and Directories...
[[0;32m  OK  [0m] Started Commit a transient machine-id on disk.
[[0;32m  OK  [0m] Started Tell Plymouth To Write Out Runtime Data.
[[0;32m  OK  [0m] Started Create Volatile Files and Directories.
[[0;32m  OK  [0m] Found device /dev/ttyS0.
[[0;32m  OK  [0m] Listening on Load/Save RF Kill Switch Status /dev/rfkill Watch.
         Starting Update UTMP about System Boot/Shutdown...
[[0;32m  OK  [0m] Started Update UTMP about System Boot/Shutdown.
[[0;32m  OK  [0m] Started LSB: AppArmor initialization.
[    8.697828] cloud-init[486]: Cloud-init v. 18.4-0ubuntu1~16.04.2 running 'init-local' at Sun, 10 Feb 2019 18:40:50 +0000. Up 7.92 seconds.
[[0;32m  OK  [0m] Started Set console font and keymap.
[[0;32m  OK  [0m] Created slice system-getty.slice.
[[0;32m  OK  [0m] Started Initial cloud-init job (pre-networking).
[[0;32m  OK  [0m] Reached target Network (Pre).
         Starting Raise network interfaces...
[[0;32m  OK  [0m] Started Raise network interfaces.
         Starting Initial cloud-init job (metadata service crawler)...
[[0;32m  OK  [0m] Reached target Network.
[   10.498457] cloud-init[926]: Cloud-init v. 18.4-0ubuntu1~16.04.2 running 'init' at Sun, 10 Feb 2019 18:40:51 +0000. Up 9.60 seconds.
[   10.511648] cloud-init[926]: ci-info: ++++++++++++++++++++++++++++++++++++++Net device info++++++++++++++++++++++++++++++++++++++
[   10.514761] cloud-init[926]: ci-info: +--------+-------+---------------------------+---------------+--------+-------------------+
[   10.521085] cloud-init[926]: ci-info: | Device |   Up  |          Address          |      Mask     | Scope  |     Hw-Address    |
[   10.528777] cloud-init[926]: ci-info: +--------+-------+---------------------------+---------------+--------+-------------------+
[   10.535552] cloud-init[926]: ci-info: | enp0s3 |  True |         10.0.2.15         | 255.255.255.0 | global | 02:82:01:2e:28:d8 |
[   10.548554] cloud-init[926]: ci-info: | enp0s3 |  True | fe80::82:1ff:fe2e:28d8/64 |       .       |  link  | 02:82:01:2e:28:d8 |
[   10.551793] cloud-init[926]: ci-info: | enp0s8 | False |             .             |       .       |   .    | 08:00:27:e6:30:db |
[   10.557777] cloud-init[926]: ci-info: |   lo   |  True |         127.0.0.1         |   255.0.0.0   |  host  |         .         |
[   10.562178] cloud-init[926]: ci-info: |   lo   |  True |          ::1/128          |       .       |  host  |         .         |
[   10.597381] [[0;32m  OK  [0m] Started Initial cloud-init job (metadata service crawler).
cloud-init[926]: ci-info: +--------+-------+---------------------------+---------------+--------+-------------------+
[   10.628472] [[0;32m  OK  [0m] Reached target Cloud-config availability.
cloud-init[[0;32m  OK  [0m] Reached target System Initialization.
[926]: [[0;32m  OK  [0m] Listening on D-Bus System Message Bus Socket.
ci-info: +++++++++++++++++++++++++++Route IPv4 info++++++++++++++++++++++++++++
[   10.649736] [[0;32m  OK  [0m] Started Daily apt download activities.
cloud-init[926]: ci-info: +-------+-------------+----------+---------------+-----------+-------+         
Starting LXD - unix socket.
[   10.702612] [[0;32m  OK  [0m] Started Daily Cleanup of Temporary Directories.
cloud-init[[0;32m  OK  [0m] Started Daily apt upgrade and clean activities.
[926]: ci-info: | Route | Destination | Gateway  |    Genmask    | Interface | Flags |
[   10.756675] [[0;32m  OK  [0m] Reached target Timers.
cloud-init         Starting Socket activation for snappy daemon.
[926]: [[0;32m  OK  [0m] Listening on ACPID Listen Socket.
ci-info: +-------+-------------+----------+---------------+-----------+-------+
[   10.766238] [[0;32m  OK  [0m] Started ACPI Events Check.
cloud-init[[0;32m  OK  [0m] Reached target Paths.
[926]: [[0;32m  OK  [0m] Listening on UUID daemon activation socket.
[[0;32m  OK  [0m] Reached target Network is Online.
ci-info: |   0   |   0.0.0.0   | 10.0.2.2 |    0.0.0.0    |   enp0s3  |   UG  |
[   10.779879]          Starting iSCSI initiator daemon (iscsid)...
[[0;32m  OK  [0m] Listening on LXD - unix socket.
[[0;32m  OK  [0m] Listening on Socket activation for snappy daemon.
cloud-init[926]: ci-info: |   1   |   10.0.2.0  | 0.0.0.0  | 255.255.255.0 |   enp0s3  |   U   |
[   10.799269] [[0;32m  OK  [0m] Reached target Sockets.
[[0;32m  OK  [0m] Reached target Basic System.
[[0;32m  OK  [0m] Started D-Bus System Message Bus.
cloud-init[926]: ci-info: +-------+-------------+----------+---------------+-----------+-------+
[   10.865029] cloud-init[926]: ci-info: +++++++++++++++++++Route IPv6 info+++++++++++++++++++
[   10.867147] cloud-init[926]: ci-info: +-------+-------------+---------+-----------+-------+
[   10.869201] cloud-init[926]: ci-info: | Route | Destination | Gateway | Interface | Flags |
[   10.871314] cloud-init[926]: ci-info: +-------+-------------+---------+-----------+-------+
[   10.873423] cloud-init[926]: ci-info: |   0   |  fe80::/64  |    ::   |   enp0s3  |   U   |
[[0;32m  OK  [0m[   10.877166] cloud-init[926]: ci-info: |   3   |   ff00::/8  |    ::   |   enp0s3  |   U   |
] [   10.877388] cloud-init[926]: ci-info: +-------+-------------+---------+-----------+-------+
Started FUSE filesystem for LXC.[   10.880352] cloud-init[926]: Generating public/private rsa key pair.

[   10.880930] cloud-init[926]: Your identification has been saved in /etc/ssh/ssh_host_rsa_key.
[   10.896704] cloud-init[926]: Your public key has been saved in /etc/ssh/ssh_host_rsa_key.pub.
[   10.899826] cloud-init[926]: The key fingerprint is:
[   10.901339] cloud-init[926]: SHA256:9YBEPUlFe/WFAO1ji+bEcZtb5CjpBo1X+mDheUDRd74 root@ubuntu-xenial
[   10.903492] cloud-init[926]: The key's randomart image is:
[   10.904968] cloud-init[926]: +---[RSA 2048]----+
[   10.906578] cloud-init[926]: |       .oo+O+. .o|
[   10.907955] cloud-init[926]: |       . .= o.o.+|
[   10.909200] cloud-init[926]: |        ..oo...o.|
[   10.910594] cloud-init[926]: |         .+o*.. .|
         Starting Accounts Service...[   10.911826] cloud-init[926]: |        S= %.O  .|

[   10.913034] cloud-init[926]: |        o / * oE |
[   10.922807] cloud-init[926]: |         O = o   |
         Starting /etc/rc.local Compatibility...[   10.925350] cloud-init[926]: |          + o    |

[   10.925953] cloud-init[926]: |         .       |
[   10.929616] cloud-init[926]: +----[SHA256]-----+
         Starting Virtualbox guest utils...[   10.930060] cloud-init[926]: Generating public/private dsa key pair.

[   10.932262] cloud-init[926]: Your identification has been saved in /etc/ssh/ssh_host_dsa_key.
[   10.937244] cloud-init[926]: Your public key has been saved in /etc/ssh/ssh_host_dsa_key.pub.
[[0;32m  OK  [0m] Started Regular background program processing daemon.
[[0;32m  OK  [0m] Started Unattended Upgrades Shutdown.
[[0;32m  OK  [0m] Started Deferred execution scheduler.
         Starting LSB: MD monitoring daemon...
         Starting System Logging Service...
[   10.939756] cloud-init[926]: The key fingerprint is:
[   10.966929] cloud-init[926]: SHA256:xRwSQmx5zd6yk7u4O9+aWhbhSZZH4It5sr05Ez7gde8 root@ubuntu-xenial
[[   10.967285] cloud-init[926]: The key's randomart image is:
[0;32m  OK  [0m[   10.969243] cloud-init[926]: +---[DSA 1024]----+
] [   10.970683] cloud-init[926]: |     oo.o+o..    |
Started ACPI event daemon.[   10.971710] cloud-init[926]: |      +..=o+     |

[   10.973202] cloud-init[926]: |     . . .X..    |
[   10.975274] cloud-init[926]: |         Bo=.    |
[   10.976743] cloud-init[926]: |        S *+     |
[   10.987939] cloud-init[926]: |        .=*..    |
[   10.989370] cloud-init[926]: |       ..++= .   |
         Starting Login Service...[   10.991709] 
cloud-init[926]: |        o+*=  .  |
[   11.044491] cloud-init[926]: |        =*B*..E  |
         [   11.044950] cloud-init[926]: +----[SHA256]-----+
Starting LSB: Record successful boot for GRUB...[   11.046184] cloud-init[926]: Generating public/private ecdsa key pair.

[   11.049409] cloud-init[926]: Your identification has been saved in /etc/ssh/ssh_host_ecdsa_key.
         Starting Snappy daemon...
[   11.090264] cloud-init[926]: Your public key has been saved in /etc/ssh/ssh_host_ecdsa_key.pub.
[   11.140339]          cloud-initStarting Pollinate to seed the pseudo random number generator...[926]: 
The key fingerprint is:
         Starting LXD - container startup/shutdown...
[   11.197503] cloud-init[926]: SHA256:81f1gCDe1wOC9hLrulGy7N7FJPM4FC2QkQsCt+zqwSM root@ubuntu-xenial
[[0;32m  OK  [0m] Started System Logging Service.
[   11.216238] cloud-init[926]: The key's randomart image is:
[   11.314841] [[0;32m  OK  [0m] Started /etc/rc.local Compatibility.
cloud-init[926]: +---[ECDSA 256]---+[
[0;32m  OK  [0m] Started iSCSI initiator daemon (iscsid).
[   11.319940] cloud-init[926]: |...   o+..o .    |
[   11.329865] cloud-init[926]: | o... oo++ o +   |
[[0;32m  OK  [0m] Started Login Service.
[   11.384299] cloud-init         Starting Authenticate and Authorize Users to Run Privileged Tasks...
         Starting Login to default iSCSI targets...
[926]: |  o. . o++o o + .|
[   11.485236] cloud-init[926]: | .    . oo..   +.|
[   11.503399] cloud-init[926]: |  .   ..S..   . .|
[[0;32m  OK  [0m] Started LSB: MD monitoring daemon.
[[0;32m  OK  [0m] Started LSB: Record successful boot for GRUB.
[   11.548037] cloud-init[926]: |..   . =.X   .   |
[   11.686881] cloud-init[926]: |E+    +.o = .    |
[   11.698543] cloud-init[926]: |o o  ..o o .     |
[   11.705216] [[0;32m  OK  [0m] Started Authenticate and Authorize Users to Run Privileged Tasks.cloud-init[926]: 
[[0;32m  OK  [0m] Started Login to default iSCSI targets.
| .   .+..        |
[[0;32m  OK  [0m] Started Accounts Service.
[   11.821612] cloud-init[926]: [[0;32m  OK  [0m] Started Virtualbox guest utils.
+----[SHA256]-----+
[   11.844979] cloud-init[926]: Generating public/private ed25519 key pair.
[   11.857916] cloud-init[926]: Your identification has been saved in /etc/ssh/ssh_host_ed25519_key.
[[0;32m  OK  [0m] Started LXD - container startup/shutdown.
[   11.875676] cloud-init[926]: Your public key has been saved in /etc/ssh/ssh_host_ed25519_key.pub.
[   11.961629] cloud-init[926]: The key fingerprint is:
[   11.971300] [[0;32m  OK  [0m] Reached target Remote File Systems (Pre).
cloud-init[[0;32m  OK  [0m] Reached target Remote File Systems.
[926]: SHA256:z0kHpQmZzefv6F4OnA17ut638JRVyFjGz6lo0fX4enk root@ubuntu-xenial
[   12.005543] cloud-init[926]: The key's randomart image is:
[   12.042440] cloud-init[926]: +--[ED25519 256]--+
         Starting Permit User Sessions...
[   12.093790] cloud-init[926]: |        .=  ..o  |
[   12.131095] cloud-init[926]: |        o.o+.=.o |
         Starting LSB: daemon to balance interrupts for SMP systems...
[   12.181502] cloud-init[926]: |          +oo +++|
[   12.216780] cloud-init[926]: |           o....=|
[   12.234678]          Starting LSB: Set the CPU Frequency Scaling governor to "ondemand"...
cloud-init         Starting LSB: automatic crash report generation...
[926]: |        S . =....|
[   12.317387] [[0;32m  OK  [0m] Started Snappy daemon.
cloud-init[926]: |         + * *. +|
[   12.333414] cloud-init[926]: |          = =+++.|
[[0;32m  OK  [0m] Started Permit User Sessions.
[   12.334255] cloud-init[926]: |            .B*.E|
[   12.515651] cloud-init[926]: |           +*.o=o|
[   12.530111]          Starting Hold until boot process finishes up...
cloud-init[926]: +----[SHA256]-----+
         Starting Terminate Plymouth Boot Screen...
         Starting Wait until snapd is fully seeded...
[[0;32m  OK  [0m] Started LSB: daemon to balance interrupts for SMP systems.
[[0;32m  OK  [0m] Started LSB: Set the CPU Frequency Scaling governor to "ondemand".
[[0;32m  OK  [0m] Started LSB: automatic crash report generation.
[[0;32m  OK  [0m] Started Hold until boot process finishes up.
[[0;32m  OK  [0m] Started Terminate Plymouth Boot Screen.
         Starting Set console scheme...
[[0;32m  OK  [0m] Started Serial Getty on ttyS0.
[[0;32m  OK  [0m] Started Getty on tty1.
[[0;32m  OK  [0m] Reached target Login Prompts.
[[0;32m  OK  [0m] Started Pollinate to seed the pseudo random number generator.
[[0;32m  OK  [0m] Started Set console scheme.
         Starting OpenBSD Secure Shell server...
[[0;32m  OK  [0m] Started OpenBSD Secure Shell server.
[[0;32m  OK  [0m] Created slice User Slice of vagrant.
         Starting User Manager for UID 1000...
[[0;32m  OK  [0m] Started User Manager for UID 1000.
[[0;32m  OK  [0m] Started Session 1 of user vagrant.

Ubuntu 16.04.5 LTS ubuntu-xenial ttyS0

ubuntu-xenial login: [   19.485355] cloud-init[1502]: Generating locales (this might take a while)...
[   20.849426] cloud-init[1502]:   en_US.UTF-8... done
[   20.850256] cloud-init[1502]: Generation complete.
[   21.409118] cloud-init[1502]: Cloud-init v. 18.4-0ubuntu1~16.04.2 running 'modules:config' at Sun, 10 Feb 2019 18:41:01 +0000. Up 19.29 seconds.
ci-info: no authorized ssh keys fingerprints found for user ubuntu.
<14>Feb 10 18:41:04 ec2: 
<14>Feb 10 18:41:04 ec2: #############################################################
<14>Feb 10 18:41:04 ec2: -----BEGIN SSH HOST KEY FINGERPRINTS-----
<14>Feb 10 18:41:04 ec2: 1024 SHA256:xRwSQmx5zd6yk7u4O9+aWhbhSZZH4It5sr05Ez7gde8 root@ubuntu-xenial (DSA)
<14>Feb 10 18:41:04 ec2: 256 SHA256:81f1gCDe1wOC9hLrulGy7N7FJPM4FC2QkQsCt+zqwSM root@ubuntu-xenial (ECDSA)
<14>Feb 10 18:41:04 ec2: 256 SHA256:z0kHpQmZzefv6F4OnA17ut638JRVyFjGz6lo0fX4enk root@ubuntu-xenial (ED25519)
<14>Feb 10 18:41:04 ec2: 2048 SHA256:9YBEPUlFe/WFAO1ji+bEcZtb5CjpBo1X+mDheUDRd74 root@ubuntu-xenial (RSA)
<14>Feb 10 18:41:04 ec2: -----END SSH HOST KEY FINGERPRINTS-----
<14>Feb 10 18:41:04 ec2: #############################################################
-----BEGIN SSH HOST KEY KEYS-----
ecdsa-sha2-nistp256 AAAAE2VjZHNhLXNoYTItbmlzdHAyNTYAAAAIbmlzdHAyNTYAAABBBN5IB/B2FtBo9UmwoUQk0BrpCgw2hSsg1GVgsHDWC/u060OW8vcWpRHqm19XaWpedcSj1vrd5ZgiHo7GXOYVM6I= root@ubuntu-xenial
ssh-ed25519 AAAAC3NzaC1lZDI1NTE5AAAAICbRYPmKK9VHRd7lPoWJ2rN07nHNqnBv9yLi6jqAXw67 root@ubuntu-xenial
ssh-rsa AAAAB3NzaC1yc2EAAAADAQABAAABAQChIjt3vOXTyQvOX3YHsoWZpsLJUhh1tT/hdje8WqbTiAlMOGjTjJOASt0/ecUArEG9Ubb+ijkDxnyf+szqcpBas1C8zuE8vMZCxsuXtOE/FbwJqKj4hKj4KoWze7qa2Cx2C1tVo/V8DqXqdrp6cIi9Zw8y+lxL690nCZM4nFr1uFbgcKNygVy6Ve6ZPEmwN7L7eTPAF0VoSzxglcNxEXEN6nXn3WY2wrq/JIsNS+eUHMgqO+o+SsPks3Q9wBRs0jRrDpSBAKPFzyuOx1wrsBpkkbY6gsKbibmO9C6k6EgomDYIoS33jFUw8TriabYOckhnbXoz422Pk6vAz8FF4QfP root@ubuntu-xenial
-----END SSH HOST KEY KEYS-----
[   22.174474] cloud-init[1644]: Cloud-init v. 18.4-0ubuntu1~16.04.2 running 'modules:final' at Sun, 10 Feb 2019 18:41:04 +0000. Up 21.96 seconds.
[   22.174817] cloud-init[1644]: ci-info: no authorized ssh keys fingerprints found for user ubuntu.
[   22.175032] cloud-init[1644]: Cloud-init v. 18.4-0ubuntu1~16.04.2 finished at Sun, 10 Feb 2019 18:41:04 +0000. Datasource DataSourceNoCloud [seed=/dev/sdb][dsmode=net].  Up 22.16 seconds
